// Jest Snapshot v1, https://goo.gl/fbAQLP

exports[`request handler should return the correct repsonse for a the sample request 1`] = `
Array [
  Object {
    "summary": Object {
      "overtimeHours": 0,
      "overtimeHoursGrossPay": 0,
      "regularHours": 28,
      "regularHoursGrossPay": 1260,
      "totalGrossPay": 1260,
    },
    "workWeek": "2021-05-03",
  },
  Object {
    "summary": Object {
      "overtimeHours": 8,
      "overtimeHoursGrossPay": 540,
      "regularHours": 40,
      "regularHoursGrossPay": 1800,
      "totalGrossPay": 2340,
    },
    "workWeek": "2021-05-10",
  },
  Object {
    "summary": Object {
      "overtimeHours": 2,
      "overtimeHoursGrossPay": 135,
      "regularHours": 40,
      "regularHoursGrossPay": 1800,
      "totalGrossPay": 1935,
    },
    "workWeek": "2021-05-17",
  },
]
`;

exports[`request handler should return the correct response for a request with a different base rate and different start date 1`] = `
Array [
  Object {
    "summary": Object {
      "overtimeHours": 0,
      "overtimeHoursGrossPay": 0,
      "regularHours": 8,
      "regularHoursGrossPay": 480,
      "totalGrossPay": 480,
    },
    "workWeek": "2021-04-29",
  },
  Object {
    "summary": Object {
      "overtimeHours": 8,
      "overtimeHoursGrossPay": 720,
      "regularHours": 40,
      "regularHoursGrossPay": 2400,
      "totalGrossPay": 3120,
    },
    "workWeek": "2021-05-06",
  },
  Object {
    "summary": Object {
      "overtimeHours": 4,
      "overtimeHoursGrossPay": 360,
      "regularHours": 40,
      "regularHoursGrossPay": 2400,
      "totalGrossPay": 2760,
    },
    "workWeek": "2021-05-13",
  },
  Object {
    "summary": Object {
      "overtimeHours": 0,
      "overtimeHoursGrossPay": 0,
      "regularHours": 18,
      "regularHoursGrossPay": 1080,
      "totalGrossPay": 1080,
    },
    "workWeek": "2021-05-20",
  },
]
`;
